 ssh -i "primary_key.pem" ec2-user@ec2-18-206-251-71.compute-1.amazonaws.com
The authenticity of host 'ec2-18-206-251-71.compute-1.amazonaws.com (18.206.251.71)' can't be established.
ED25519 key fingerprint is SHA256:2YWRGWeXeDL8T5mHia36pmzavtQSUuQWrczMKmIHY34.
This key is not known by any other names
Are you sure you want to continue connecting (yes/no/[fingerprint])? yes
Warning: Permanently added 'ec2-18-206-251-71.compute-1.amazonaws.com' (ED25519) to the list of known hosts.

       __|  __|_  )
       _|  (     /   Amazon Linux 2 AMI
      ___|\___|___|

https://aws.amazon.com/amazon-linux-2/
6 package(s) needed for security, out of 17 available
Run "sudo yum update" to apply all updates.
[ec2-user@ip-10-192-11-143 ~]$ sudo su -
[root@ip-10-192-11-143 ~]# sudo apt install mysql
sudo: apt: command not found
[root@ip-10-192-11-143 ~]# yum
Loaded plugins: extras_suggestions, langpacks, priorities, update-motd
You need to give some command
Usage: yum [options] COMMAND

List of Commands:

check          Check for problems in the rpmdb
check-update   Check for available package updates
clean          Remove cached data
deplist        List a package's dependencies
distribution-synchronization Synchronize installed packages to the latest available versions
downgrade      downgrade a package
erase          Remove a package or packages from your system
fs             Acts on the filesystem data of the host, mainly for removing docs/lanuages for minimal hosts.
fssnapshot     Creates filesystem snapshots, or lists/deletes current snapshots.
groups         Display, or use, the groups information
help           Display a helpful usage message
history        Display, or use, the transaction history
info           Display details about a package or group of packages
install        Install a package or packages on your system
langavailable  Check available languages
langinfo       List languages information
langinstall    Install appropriate language packs for a language
langlist       List installed languages
langremove     Remove installed language packs for a language
list           List a package or groups of packages
load-transaction load a saved transaction from filename
makecache      Generate the metadata cache
provides       Find what package provides the given value
reinstall      reinstall a package
repo-pkgs      Treat a repo. as a group of packages, so we can install/remove all of them
repolist       Display the configured software repositories
search         Search package details for the given string
shell          Run an interactive yum shell
swap           Simple way to swap packages, instead of using shell
update         Update a package or packages on your system
update-minimal Works like upgrade, but goes to the 'newest' package match which fixes a problem that affects your systemupdateinfo     Acts on repository update information
upgrade        Update packages taking obsoletes into account
version        Display a version for the machine and/or available repos.


Options:
  -h, --help            show this help message and exit
  -t, --tolerant        be tolerant of errors
  -C, --cacheonly       run entirely from system cache, don't update cache
  -c [config file], --config=[config file]
                        config file location
  -R [minutes], --randomwait=[minutes]
                        maximum command wait time
  -d [debug level], --debuglevel=[debug level]
                        debugging output level
  --showduplicates      show duplicates, in repos, in list/search commands
  -e [error level], --errorlevel=[error level]
                        error output level
  --rpmverbosity=[debug level name]
                        debugging output level for rpm
  -q, --quiet           quiet operation
  -v, --verbose         verbose operation
  -y, --assumeyes       answer yes for all questions
  --assumeno            answer no for all questions
  --version             show Yum version and exit
  --installroot=[path]  set install root
  --enablerepo=[repo]   enable one or more repositories (wildcards allowed)
  --disablerepo=[repo]  disable one or more repositories (wildcards allowed)
  -x [package], --exclude=[package]
                        exclude package(s) by name or glob
  --disableexcludes=[repo]
                        disable exclude from main, for a repo or for
                        everything
  --disableincludes=[repo]
                        disable includepkgs for a repo or for everything
  --obsoletes           enable obsoletes processing during updates
  --noplugins           disable Yum plugins
  --nogpgcheck          disable gpg signature checking
  --disableplugin=[plugin]
                        disable plugins by name
  --enableplugin=[plugin]
                        enable plugins by name
  --skip-broken         skip packages with depsolving problems
  --color=COLOR         control whether color is used
  --releasever=RELEASEVER
                        set value of $releasever in yum config and repo files
  --downloadonly        don't update, just download
  --downloaddir=DLDIR   specifies an alternate directory to store packages
  --setopt=SETOPTS      set arbitrary config and repo options
  --bugfix              Include bugfix relevant packages, in updates
  --security            Include security relevant packages, in updates
  --advisory=ADVS, --advisories=ADVS
                        Include packages needed to fix the given advisory, in
                        updates
  --bzs=BZS             Include packages needed to fix the given BZ, in
                        updates
  --cves=CVES           Include packages needed to fix the given CVE, in
                        updates
  --sec-severity=SEVS, --secseverity=SEVS
                        Include security relevant packages matching the
                        severity, in updates

  Plugin Options:
    --samearch-priorities
                        Priority-exclude packages based on name + arch
[root@ip-10-192-11-143 ~]# yum install mysql
Loaded plugins: extras_suggestions, langpacks, priorities, update-motd
amzn2-core                                                                                       | 3.7 kB  00:00:00
Resolving Dependencies
--> Running transaction check
---> Package mariadb.x86_64 1:5.5.68-1.amzn2 will be installed
--> Finished Dependency Resolution

Dependencies Resolved

======================================================================================================================== Package                  Arch                    Version                             Repository                   Size
========================================================================================================================Installing:
 mariadb                  x86_64                  1:5.5.68-1.amzn2                    amzn2-core                  8.8 M

Transaction Summary
========================================================================================================================Install  1 Package

Total download size: 8.8 M
Installed size: 49 M
Is this ok [y/d/N]: y
Downloading packages:
mariadb-5.5.68-1.amzn2.x86_64.rpm                                                                | 8.8 MB  00:00:00
Running transaction check
Running transaction test
Transaction test succeeded
Running transaction
  Installing : 1:mariadb-5.5.68-1.amzn2.x86_64                                                                      1/1
  Verifying  : 1:mariadb-5.5.68-1.amzn2.x86_64                                                                      1/1

Installed:
  mariadb.x86_64 1:5.5.68-1.amzn2

Complete!
[root@ip-10-192-11-143 ~]# mysql -h primarydb.c4l87zmpsgsj.us-east-1.rds.amazonaws.com -P 3306 -u admin -p
Enter password:
ERROR 1045 (28000): Access denied for user 'admin'@'10.192.11.143' (using password: NO)
[root@ip-10-192-11-143 ~]# mysql -h primarydb.c4l87zmpsgsj.us-east-1.rds.amazonaws.com -P 3306 -u admin -p
Enter password:
ERROR 1045 (28000): Access denied for user 'admin'@'10.192.11.143' (using password: YES)
[root@ip-10-192-11-143 ~]# mysql -h primarydb.c4l87zmpsgsj.us-east-1.rds.amazonaws.com -P 3306 -u admin -p
Enter password:
Welcome to the MariaDB monitor.  Commands end with ; or \g.
Your MySQL connection id is 77
Server version: 8.0.20 Source distribution

Copyright (c) 2000, 2018, Oracle, MariaDB Corporation Ab and others.

Type 'help;' or '\h' for help. Type '\c' to clear the current input statement.

MySQL [(none)]> show databases;
+--------------------+
| Database           |
+--------------------+
| information_schema |
| mysql              |
| performance_schema |
| udacity            |
+--------------------+
4 rows in set (0.00 sec)

MySQL [(none)]> USE udacity
Database changed
MySQL [udacity]> CREATE TABLE hero (name VARCHAR(20), name VARCHAR(20), power VARCHAR(20));
ERROR 1060 (42S21): Duplicate column name 'name'
MySQL [udacity]> CREATE TABLE hero (name VARCHAR(20),  power VARCHAR(20));
Query OK, 0 rows affected (0.05 sec)

MySQL [udacity]> SHOW TABLES
    -> ;
+-------------------+
| Tables_in_udacity |
+-------------------+
| hero              |
+-------------------+
1 row in set (0.00 sec)

MySQL [udacity]> DESCRIBE hero;
+-------+-------------+------+-----+---------+-------+
| Field | Type        | Null | Key | Default | Extra |
+-------+-------------+------+-----+---------+-------+
| name  | varchar(20) | YES  |     | NULL    |       |
| power | varchar(20) | YES  |     | NULL    |       |
+-------+-------------+------+-----+---------+-------+
2 rows in set (0.00 sec)

MySQL [udacity]> INSERT INTO hero VALUES ('Iron man','swagg');
Query OK, 1 row affected (0.01 sec)

MySQL [udacity]> select * from hero;
+----------+-------+
| name     | power |
+----------+-------+
| Iron man | swagg |
+----------+-------+
1 row in set (0.00 sec)

MySQL [udacity]> \q;
Bye